<!DOCTYPE html>
<html lang="ru">
<head>
<meta charset="utf-8">
<meta name="viewport" content="width=device-width, initial-scale=1.0, maximum-scale=1.0, user-scalable=no, target-densitydpi=device-dpi" />
<!--[if lt IE 9]><script type="text/javascript" src="http://html5shim.googlecode.com/svn/trunk/html5.js"></script><![endif]-->
<link href="css/main.css?v23423423423" rel="stylesheet" />
<title>ЗАГОЛОВОК в верхнем регистре</title>
</head>

<BODY>

<div id="all">
<div id="wrap">
	
	<header><div class="inside">
		Пример для типографии, который показывает, как <span class="brtSpace"> </span><span class="brt">(</span>умело) типограф умеет работать с предлогами, союзами, и другими частями речи. Здесь — правильные знаки препинания, типа <span class="qtSpace"> </span><span class="qt">«</span>кавычек» и другого ©.
	</div></header>
	
	<p><span class="qtSpace"> </span><span class="qt">«</span>А вложенные „кавычки“ будут? Прокатит же?» ®</p>
	
	<h2>А теперь поговорим об <abbr class="smallcaps">ООО</abbr> или других аббревиатурах <abbr class="smallcaps">ROI</abbr>. <abbr class="smallcaps">НОВАЯ</abbr> аббревиатура. Также проверим цены — <nobr data-typo-nobr>100<span class="halfspace"> </span>000<span class="halfspace"> </span>$</nobr></h2>
	<p data-whatever="АААА"><nobr data-typo-nobr>1<span class="halfspace"> </span>000<span class="halfspace"> </span>000<span class="halfspace"> </span>000<span class="halfspace"> </span>$</nobr></p>
	<p>1 смотрим <nobr data-typo-nobr>10<span class="halfspace"> </span>000<span class="halfspace"> </span>$</nobr></p>
	<p>Смотрим <nobr data-typo-nobr>10<span class="halfspace"> </span>000<span class="halfspace"> </span>000<span class="halfspace"> </span>$</nobr></p>
	<script src="http://code.jquery.com/jquery-1.11.0.min.js?v2342423423"></script>
		
</div><!-- wrap ends -->
</div><!-- all ends -->

<footer><div class="inside">
</div></footer>

<script src="http://code.jquery.com/jquery-1.11.0.min.js"></script>
</BODY>
</html>